00000004:FF
00000009:02
BCF00000: 24
BCF00001: 42
BCF00003: FF
BCF00004: AC
BCF00005: 02
BCF00007: 04
BCF00008: 8C
BCF00009: 03
BCF0000B: 04
BCF0000C: 24
BCF0000D: 62
BCF0000E: 01
BCF0000F: 01
BCF00010: AC
BCF00011: 02
BCF00013: 08
BCF00017: 08
v0:00000200
