00000000: ff
00000001: ff
00000002: ff
00000003: ff
00000004: ff
00000005: 0f
0000000a: ff
0000000b: ff
0000000c: 11
0000000d: 22
0000000e: 33
0000000f: 44
bfc00000: ff
bfc00001: ff
bfc00002: 03
bfc00003: 24
bfc00004: ff
bfc00005: ff
bfc00006: 04
bfc00007: 24
bfc00008: ff
bfc00009: 0f
bfc0000a: 05
bfc0000b: 24
bfc0000c: ff
bfc0000d: ff
bfc0000e: 06
bfc0000f: 3c
bfc00010: 24
bfc00011: 10
bfc00012: 83
bfc00016: 02
bfc00017: ac
bfc00018: 24
bfc00019: 10
bfc0001a: a3
bfc0001c: 04
bfc0001e: 02
bfc0001f: ac
bfc00020: 24
bfc00021: 10
bfc00022: c3
bfc00024: 08
bfc00026: 02
bfc00027: ac
bfc00028: 08
v0: ffff0000
