00000004: 04
00000006: c0
00000007: bf
00000008: ff
00000009: ff
0000000a: ff
0000000b: ff
0000000c: 11
0000000d: 22
0000000e: 33
0000000f: 44
00000014: ff
00000019: 02
bfc00000: ff
bfc00002: 42
bfc00003: 24
bfc00004: 14
bfc00006: 02
bfc00007: ac
bfc00008: 14
bfc0000a: 03
bfc0000b: 8c
bfc0000c: 01
bfc0000d: 01
bfc0000e: 62
bfc0000f: 24
bfc00010: 18
bfc00012: 02
bfc00013: ac
bfc00014: 08
v0: 00000200
