RAM : INIT : Loading RAM contents from binary/BGTZ.hex.txt
WARNING: ./test_bench/memory_block.v:33: $readmemh(data_binary/initial_data.hex.txt): Not enough words in the file for the requested range [4:1023].
WARNING: ./test_bench/memory_block.v:34: $readmemh(binary/BGTZ.hex.txt): Not enough words in the file for the requested range [1024:2047].
RAM : INIT : DISPLAYING INITIALSIED RAM
RAM : INIT : INITIAL DATA : 00000004: 04
RAM : INIT : INITIAL DATA : 00000006: c0
RAM : INIT : INITIAL DATA : 00000007: bf
RAM : INIT : INITIAL DATA : 00000008: ff
RAM : INIT : INITIAL DATA : 00000009: ff
RAM : INIT : INITIAL DATA : 0000000a: ff
RAM : INIT : INITIAL DATA : 0000000b: ff
RAM : INIT : INITIAL DATA : 0000000c: 11
RAM : INIT : INITIAL DATA : 0000000d: 22
RAM : INIT : INITIAL DATA : 0000000e: 33
RAM : INIT : INITIAL DATA : 0000000f: 44
RAM : INIT : INITIAL DATA : bfc00000: fc
RAM : INIT : INITIAL DATA : bfc00001: ff
RAM : INIT : INITIAL DATA : bfc00002: 03
RAM : INIT : INITIAL DATA : bfc00003: 24
RAM : INIT : INITIAL DATA : bfc00006: 04
RAM : INIT : INITIAL DATA : bfc00007: 24
RAM : INIT : INITIAL DATA : bfc00008: 0a
RAM : INIT : INITIAL DATA : bfc0000a: 05
RAM : INIT : INITIAL DATA : bfc0000b: 24
RAM : INIT : INITIAL DATA : bfc0000c: 08
RAM : INIT : INITIAL DATA : bfc0000e: 60
RAM : INIT : INITIAL DATA : bfc0000f: 1c
RAM : INIT : INITIAL DATA : bfc00013: 24
RAM : INIT : INITIAL DATA : bfc00014: 05
RAM : INIT : INITIAL DATA : bfc00016: 02
RAM : INIT : INITIAL DATA : bfc00017: 24
RAM : INIT : INITIAL DATA : bfc00018: 05
RAM : INIT : INITIAL DATA : bfc0001a: 80
RAM : INIT : INITIAL DATA : bfc0001b: 1c
RAM : INIT : INITIAL DATA : bfc0001f: 24
RAM : INIT : INITIAL DATA : bfc00020: 06
RAM : INIT : INITIAL DATA : bfc00022: 02
RAM : INIT : INITIAL DATA : bfc00023: 24
RAM : INIT : INITIAL DATA : bfc00024: 03
RAM : INIT : INITIAL DATA : bfc00026: a0
RAM : INIT : INITIAL DATA : bfc00027: 1c
RAM : INIT : INITIAL DATA : bfc0002b: 24
RAM : INIT : INITIAL DATA : bfc0002c: 07
RAM : INIT : INITIAL DATA : bfc0002e: 02
RAM : INIT : INITIAL DATA : bfc0002f: 24
RAM : INIT : INITIAL DATA : bfc00030: 03
RAM : INIT : INITIAL DATA : bfc00032: 42
RAM : INIT : INITIAL DATA : bfc00033: 24
RAM : INIT : INITIAL DATA : bfc00034: 04
RAM : INIT : INITIAL DATA : bfc00036: 42
RAM : INIT : INITIAL DATA : bfc00037: 24
RAM : INIT : INITIAL DATA : bfc00038: 08
CPU reset
VCD info: dumpfile cpu_toplvl_waves.vcd opened for output.
CPU reset
----------
FINAL MEMORY : 00000004: 04
FINAL MEMORY : 00000006: c0
FINAL MEMORY : 00000007: bf
FINAL MEMORY : 00000008: ff
FINAL MEMORY : 00000009: ff
FINAL MEMORY : 0000000a: ff
FINAL MEMORY : 0000000b: ff
FINAL MEMORY : 0000000c: 11
FINAL MEMORY : 0000000d: 22
FINAL MEMORY : 0000000e: 33
FINAL MEMORY : 0000000f: 44
FINAL MEMORY : bfc00000: fc
FINAL MEMORY : bfc00001: ff
FINAL MEMORY : bfc00002: 03
FINAL MEMORY : bfc00003: 24
FINAL MEMORY : bfc00006: 04
FINAL MEMORY : bfc00007: 24
FINAL MEMORY : bfc00008: 0a
FINAL MEMORY : bfc0000a: 05
FINAL MEMORY : bfc0000b: 24
FINAL MEMORY : bfc0000c: 08
FINAL MEMORY : bfc0000e: 60
FINAL MEMORY : bfc0000f: 1c
FINAL MEMORY : bfc00013: 24
FINAL MEMORY : bfc00014: 05
FINAL MEMORY : bfc00016: 02
FINAL MEMORY : bfc00017: 24
FINAL MEMORY : bfc00018: 05
FINAL MEMORY : bfc0001a: 80
FINAL MEMORY : bfc0001b: 1c
FINAL MEMORY : bfc0001f: 24
FINAL MEMORY : bfc00020: 06
FINAL MEMORY : bfc00022: 02
FINAL MEMORY : bfc00023: 24
FINAL MEMORY : bfc00024: 03
FINAL MEMORY : bfc00026: a0
FINAL MEMORY : bfc00027: 1c
FINAL MEMORY : bfc0002b: 24
FINAL MEMORY : bfc0002c: 07
FINAL MEMORY : bfc0002e: 02
FINAL MEMORY : bfc0002f: 24
FINAL MEMORY : bfc00030: 03
FINAL MEMORY : bfc00032: 42
FINAL MEMORY : bfc00033: 24
FINAL MEMORY : bfc00034: 04
FINAL MEMORY : bfc00036: 42
FINAL MEMORY : bfc00037: 24
FINAL MEMORY : bfc00038: 08
----------
----------
FINAL MEMORY : 00000004: 04
FINAL MEMORY : 00000006: c0
FINAL MEMORY : 00000007: bf
FINAL MEMORY : 00000008: ff
FINAL MEMORY : 00000009: ff
FINAL MEMORY : 0000000a: ff
FINAL MEMORY : 0000000b: ff
FINAL MEMORY : 0000000c: 11
FINAL MEMORY : 0000000d: 22
FINAL MEMORY : 0000000e: 33
FINAL MEMORY : 0000000f: 44
FINAL MEMORY : bfc00000: fc
FINAL MEMORY : bfc00001: ff
FINAL MEMORY : bfc00002: 03
FINAL MEMORY : bfc00003: 24
FINAL MEMORY : bfc00006: 04
FINAL MEMORY : bfc00007: 24
FINAL MEMORY : bfc00008: 0a
FINAL MEMORY : bfc0000a: 05
FINAL MEMORY : bfc0000b: 24
FINAL MEMORY : bfc0000c: 08
FINAL MEMORY : bfc0000e: 60
FINAL MEMORY : bfc0000f: 1c
FINAL MEMORY : bfc00013: 24
FINAL MEMORY : bfc00014: 05
FINAL MEMORY : bfc00016: 02
FINAL MEMORY : bfc00017: 24
FINAL MEMORY : bfc00018: 05
FINAL MEMORY : bfc0001a: 80
FINAL MEMORY : bfc0001b: 1c
FINAL MEMORY : bfc0001f: 24
FINAL MEMORY : bfc00020: 06
FINAL MEMORY : bfc00022: 02
FINAL MEMORY : bfc00023: 24
FINAL MEMORY : bfc00024: 03
FINAL MEMORY : bfc00026: a0
FINAL MEMORY : bfc00027: 1c
FINAL MEMORY : bfc0002b: 24
FINAL MEMORY : bfc0002c: 07
FINAL MEMORY : bfc0002e: 02
FINAL MEMORY : bfc0002f: 24
FINAL MEMORY : bfc00030: 03
FINAL MEMORY : bfc00032: 42
FINAL MEMORY : bfc00033: 24
FINAL MEMORY : bfc00034: 04
FINAL MEMORY : bfc00036: 42
FINAL MEMORY : bfc00037: 24
FINAL MEMORY : bfc00038: 08
----------
v0: 0000000a
active: 0
TB : finished; running=0
