00000004: 04
00000006: c0
00000007: bf
00000008: ff
00000009: ff
0000000a: ff
0000000b: ff
0000000c: 11
0000000d: 22
0000000e: 33
0000000f: 44
bfc00000: 0a
bfc00002: 03
bfc00003: 24
bfc00006: 04
bfc00007: 24
bfc00008: fc
bfc00009: ff
bfc0000a: 05
bfc0000b: 24
bfc0000c: 08
bfc0000e: 70
bfc0000f: 04
bfc00013: 24
bfc00014: 05
bfc00016: 02
bfc00017: 24
bfc00018: 05
bfc0001a: 90
bfc0001b: 04
bfc0001f: 24
bfc00020: 06
bfc00022: 02
bfc00023: 24
bfc00024: 03
bfc00026: b0
bfc00027: 04
bfc0002b: 24
bfc0002c: 07
bfc0002e: 02
bfc0002f: 24
bfc00030: 03
bfc00032: 42
bfc00033: 24
bfc00034: 21
bfc00035: 10
bfc00036: 5f
bfc00038: 08
v0: bfc00032
