00000000: 08
00000002: c0
00000003: bf
00000004: 04
00000006: c0
00000007: bf
00000008: ff
00000009: ff
0000000a: ff
0000000b: ff
0000000c: 11
0000000d: 22
0000000e: 33
0000000f: 44
bfc00000: 03
bfc00002: f0
bfc00003: 0f
bfc00004: 03
bfc00006: 42
bfc00007: 24
bfc00008: 04
bfc0000a: 42
bfc0000b: 24
bfc0000c: 21
bfc0000d: 10
bfc0000e: 5f
bfc00012: 1f
bfc00013: ac
bfc00014: 08
v0: bfc0000b
