RAM : INIT : Loading RAM contents from binary/JALL.hex.txt
WARNING: ./test_bench/memory_block.v:33: $readmemh(data_binary/initial_data.hex.txt): Not enough words in the file for the requested range [4:1023].
WARNING: ./test_bench/memory_block.v:34: $readmemh(binary/JALL.hex.txt): Not enough words in the file for the requested range [1024:2047].
RAM : INIT : DISPLAYING INITIALSIED RAM
RAM : INIT : INITIAL DATA : 00000004: 04
RAM : INIT : INITIAL DATA : 00000006: c0
RAM : INIT : INITIAL DATA : 00000007: bf
RAM : INIT : INITIAL DATA : 00000008: ff
RAM : INIT : INITIAL DATA : 00000009: ff
RAM : INIT : INITIAL DATA : 0000000a: ff
RAM : INIT : INITIAL DATA : 0000000b: ff
RAM : INIT : INITIAL DATA : 0000000c: 11
RAM : INIT : INITIAL DATA : 0000000d: 22
RAM : INIT : INITIAL DATA : 0000000e: 33
RAM : INIT : INITIAL DATA : 0000000f: 44
RAM : INIT : INITIAL DATA : bfc00000: ff
RAM : INIT : INITIAL DATA : bfc00001: ff
RAM : INIT : INITIAL DATA : bfc00002: 02
RAM : INIT : INITIAL DATA : bfc00003: 24
RAM : INIT : INITIAL DATA : bfc00004: 04
RAM : INIT : INITIAL DATA : bfc00007: 0c
RAM : INIT : INITIAL DATA : bfc0000b: 24
RAM : INIT : INITIAL DATA : bfc0000c: 08
RAM : INIT : INITIAL DATA : bfc00013: 24
RAM : INIT : INITIAL DATA : bfc00014: 08
RAM : INIT : INITIAL DATA : bfc0001b: 24
RAM : INIT : INITIAL DATA : bfc0001c: 01
RAM : INIT : INITIAL DATA : bfc0001e: 02
RAM : INIT : INITIAL DATA : bfc0001f: 24
RAM : INIT : INITIAL DATA : bfc00020: 08
RAM : INIT : INITIAL DATA : bfc00022: e0
RAM : INIT : INITIAL DATA : bfc00023: 03
RAM : INIT : INITIAL DATA : bfc00024: 08
RAM : INIT : INITIAL DATA : bfc00028: 08
RAM : INIT : INITIAL DATA : bfc0002c: 08
RAM : INIT : INITIAL DATA : bfc00030: 08
RAM : INIT : INITIAL DATA : bfc00034: 08
RAM : INIT : INITIAL DATA : bfc00038: 08
RAM : INIT : INITIAL DATA : bfc0003c: 08
CPU reset
VCD info: dumpfile cpu_toplvl_waves.vcd opened for output.
CPU reset
----------
FINAL MEMORY : 00000004: 04
FINAL MEMORY : 00000006: c0
FINAL MEMORY : 00000007: bf
FINAL MEMORY : 00000008: ff
FINAL MEMORY : 00000009: ff
FINAL MEMORY : 0000000a: ff
FINAL MEMORY : 0000000b: ff
FINAL MEMORY : 0000000c: 11
FINAL MEMORY : 0000000d: 22
FINAL MEMORY : 0000000e: 33
FINAL MEMORY : 0000000f: 44
FINAL MEMORY : bfc00000: ff
FINAL MEMORY : bfc00001: ff
FINAL MEMORY : bfc00002: 02
FINAL MEMORY : bfc00003: 24
FINAL MEMORY : bfc00004: 04
FINAL MEMORY : bfc00007: 0c
FINAL MEMORY : bfc0000b: 24
FINAL MEMORY : bfc0000c: 08
FINAL MEMORY : bfc00013: 24
FINAL MEMORY : bfc00014: 08
FINAL MEMORY : bfc0001b: 24
FINAL MEMORY : bfc0001c: 01
FINAL MEMORY : bfc0001e: 02
FINAL MEMORY : bfc0001f: 24
FINAL MEMORY : bfc00020: 08
FINAL MEMORY : bfc00022: e0
FINAL MEMORY : bfc00023: 03
FINAL MEMORY : bfc00024: 08
FINAL MEMORY : bfc00028: 08
FINAL MEMORY : bfc0002c: 08
FINAL MEMORY : bfc00030: 08
FINAL MEMORY : bfc00034: 08
FINAL MEMORY : bfc00038: 08
FINAL MEMORY : bfc0003c: 08
----------
FATAL: ./test_bench/MIPS_tb.v:65: Simulation did not finish within       10000 cycles.
       Time: 20000000 Scope: mips_tb.$unm_blk_428
