00000004: 04
00000006: c0
00000007: bf
00000008: ff
00000009: ff
0000000a: ff
0000000b: ff
0000000c: 11
0000000d: 22
0000000e: 33
0000000f: 44
bfc00000: fc
bfc00001: 0b
bfc00002: 03
bfc00003: 24
bfc00005: 1d
bfc00006: 03
bfc00008: 18
bfc0000a: 63
bfc0000b: 24
bfc0000c: 09
bfc0000d: 20
bfc0000e: 60
bfc00012: 02
bfc00013: 24
bfc00014: 03
bfc00016: 42
bfc00017: 24
bfc00018: 01
bfc0001a: 42
bfc0001b: 24
bfc0001c: 21
bfc0001d: 10
bfc0001e: 5f
bfc00020: 08
v0: bfc00015
