RAM : INIT : Loading RAM contents from ./test/binary/JALR_double.hex.txt
WARNING: ./test/test_bench/memory_block.v:33: $readmemh(./test/data_binary/initial_data.hex.txt): Not enough words in the file for the requested range [4:1023].
WARNING: ./test/test_bench/memory_block.v:34: $readmemh(./test/binary/JALR_double.hex.txt): Not enough words in the file for the requested range [1024:2047].
RAM : INIT : DISPLAYING INITIALSIED RAM
RAM : INIT : INITIAL DATA : 00000004: 04
RAM : INIT : INITIAL DATA : 00000006: c0
RAM : INIT : INITIAL DATA : 00000007: bf
RAM : INIT : INITIAL DATA : 00000008: ff
RAM : INIT : INITIAL DATA : 00000009: ff
RAM : INIT : INITIAL DATA : 0000000a: ff
RAM : INIT : INITIAL DATA : 0000000b: ff
RAM : INIT : INITIAL DATA : 0000000c: 11
RAM : INIT : INITIAL DATA : 0000000d: 22
RAM : INIT : INITIAL DATA : 0000000e: 33
RAM : INIT : INITIAL DATA : 0000000f: 44
RAM : INIT : INITIAL DATA : bfc00000: fc
RAM : INIT : INITIAL DATA : bfc00001: 0b
RAM : INIT : INITIAL DATA : bfc00002: 03
RAM : INIT : INITIAL DATA : bfc00003: 24
RAM : INIT : INITIAL DATA : bfc00005: 1d
RAM : INIT : INITIAL DATA : bfc00006: 03
RAM : INIT : INITIAL DATA : bfc00008: 18
RAM : INIT : INITIAL DATA : bfc0000a: 63
RAM : INIT : INITIAL DATA : bfc0000b: 24
RAM : INIT : INITIAL DATA : bfc0000c: 09
RAM : INIT : INITIAL DATA : bfc0000d: 20
RAM : INIT : INITIAL DATA : bfc0000e: 60
RAM : INIT : INITIAL DATA : bfc00012: 02
RAM : INIT : INITIAL DATA : bfc00013: 24
RAM : INIT : INITIAL DATA : bfc00014: 03
RAM : INIT : INITIAL DATA : bfc00016: 42
RAM : INIT : INITIAL DATA : bfc00017: 24
RAM : INIT : INITIAL DATA : bfc00018: 01
RAM : INIT : INITIAL DATA : bfc0001a: 42
RAM : INIT : INITIAL DATA : bfc0001b: 24
RAM : INIT : INITIAL DATA : bfc0001c: 21
RAM : INIT : INITIAL DATA : bfc0001d: 10
RAM : INIT : INITIAL DATA : bfc0001e: 44
RAM : INIT : INITIAL DATA : bfc00020: 08
CPU reset
VCD info: dumpfile cpu_toplvl_waves.vcd opened for output.
CPU reset
----------
FINAL MEMORY : 00000004: 04
FINAL MEMORY : 00000006: c0
FINAL MEMORY : 00000007: bf
FINAL MEMORY : 00000008: ff
FINAL MEMORY : 00000009: ff
FINAL MEMORY : 0000000a: ff
FINAL MEMORY : 0000000b: ff
FINAL MEMORY : 0000000c: 11
FINAL MEMORY : 0000000d: 22
FINAL MEMORY : 0000000e: 33
FINAL MEMORY : 0000000f: 44
FINAL MEMORY : bfc00000: fc
FINAL MEMORY : bfc00001: 0b
FINAL MEMORY : bfc00002: 03
FINAL MEMORY : bfc00003: 24
FINAL MEMORY : bfc00005: 1d
FINAL MEMORY : bfc00006: 03
FINAL MEMORY : bfc00008: 18
FINAL MEMORY : bfc0000a: 63
FINAL MEMORY : bfc0000b: 24
FINAL MEMORY : bfc0000c: 09
FINAL MEMORY : bfc0000d: 20
FINAL MEMORY : bfc0000e: 60
FINAL MEMORY : bfc00012: 02
FINAL MEMORY : bfc00013: 24
FINAL MEMORY : bfc00014: 03
FINAL MEMORY : bfc00016: 42
FINAL MEMORY : bfc00017: 24
FINAL MEMORY : bfc00018: 01
FINAL MEMORY : bfc0001a: 42
FINAL MEMORY : bfc0001b: 24
FINAL MEMORY : bfc0001c: 21
FINAL MEMORY : bfc0001d: 10
FINAL MEMORY : bfc0001e: 44
FINAL MEMORY : bfc00020: 08
----------
----------
FINAL MEMORY : 00000004: 04
FINAL MEMORY : 00000006: c0
FINAL MEMORY : 00000007: bf
FINAL MEMORY : 00000008: ff
FINAL MEMORY : 00000009: ff
FINAL MEMORY : 0000000a: ff
FINAL MEMORY : 0000000b: ff
FINAL MEMORY : 0000000c: 11
FINAL MEMORY : 0000000d: 22
FINAL MEMORY : 0000000e: 33
FINAL MEMORY : 0000000f: 44
FINAL MEMORY : bfc00000: fc
FINAL MEMORY : bfc00001: 0b
FINAL MEMORY : bfc00002: 03
FINAL MEMORY : bfc00003: 24
FINAL MEMORY : bfc00005: 1d
FINAL MEMORY : bfc00006: 03
FINAL MEMORY : bfc00008: 18
FINAL MEMORY : bfc0000a: 63
FINAL MEMORY : bfc0000b: 24
FINAL MEMORY : bfc0000c: 09
FINAL MEMORY : bfc0000d: 20
FINAL MEMORY : bfc0000e: 60
FINAL MEMORY : bfc00012: 02
FINAL MEMORY : bfc00013: 24
FINAL MEMORY : bfc00014: 03
FINAL MEMORY : bfc00016: 42
FINAL MEMORY : bfc00017: 24
FINAL MEMORY : bfc00018: 01
FINAL MEMORY : bfc0001a: 42
FINAL MEMORY : bfc0001b: 24
FINAL MEMORY : bfc0001c: 21
FINAL MEMORY : bfc0001d: 10
FINAL MEMORY : bfc0001e: 44
FINAL MEMORY : bfc00020: 08
----------
v0: 00000001
active: 0
TB : finished; running=0
