00000004: 04
00000006: c0
00000007: bf
00000008: ff
00000009: ff
0000000a: ff
0000000b: ff
0000000c: 11
0000000d: 22
0000000e: 33
0000000f: 44
bfc00000: c0
bfc00001: bf
bfc00002: 02
bfc00003: 3c
bfc00004: 14
bfc00006: 43
bfc00007: 24
bfc00008: 08
bfc0000a: 60
bfc0000f: 24
bfc00010: 08
bfc00014: 0a
bfc00016: 02
bfc00017: 24
bfc00018: 08
v0: 0000000a
