00000004: 04
00000006: c0
00000007: bf
00000008: ff
00000009: ff
0000000a: ff
0000000b: ff
0000000c: 11
0000000d: 22
0000000e: 33
0000000f: 44
bfc00000: c0
bfc00001: bf
bfc00002: 03
bfc00003: 3c
bfc00004: 18
bfc00006: 62
bfc00007: 24
bfc00008: 08
bfc0000a: 40
bfc0000f: 24
bfc00010: 04
bfc00012: 02
bfc00013: 24
bfc00014: 05
bfc00016: 02
bfc00017: 24
bfc00018: 06
bfc0001a: 02
bfc0001b: 24
bfc0001c: 08
bfc00020: 0a
bfc00022: 02
bfc00023: 24
bfc00024: 08
v0: 0000000a
