RAM : INIT : Loading RAM contents from ./test/binary/LBU.hex.txt
WARNING: ./test/test_bench/memory_block.v:33: $readmemh(./test/data_binary/initial_data.hex.txt): Not enough words in the file for the requested range [4:1023].
WARNING: ./test/test_bench/memory_block.v:34: $readmemh(./test/binary/LBU.hex.txt): Not enough words in the file for the requested range [1024:2047].
RAM : INIT : DISPLAYING INITIALSIED RAM
RAM : INIT : INITIAL DATA : 00000004: 04
RAM : INIT : INITIAL DATA : 00000006: c0
RAM : INIT : INITIAL DATA : 00000007: bf
RAM : INIT : INITIAL DATA : 00000008: ff
RAM : INIT : INITIAL DATA : 00000009: ff
RAM : INIT : INITIAL DATA : 0000000a: ff
RAM : INIT : INITIAL DATA : 0000000b: ff
RAM : INIT : INITIAL DATA : 0000000c: 11
RAM : INIT : INITIAL DATA : 0000000d: 22
RAM : INIT : INITIAL DATA : 0000000e: 33
RAM : INIT : INITIAL DATA : 0000000f: 44
RAM : INIT : INITIAL DATA : bfc00000: 0c
RAM : INIT : INITIAL DATA : bfc00002: 03
RAM : INIT : INITIAL DATA : bfc00003: 90
RAM : INIT : INITIAL DATA : bfc00004: 0d
RAM : INIT : INITIAL DATA : bfc00006: 04
RAM : INIT : INITIAL DATA : bfc00007: 90
RAM : INIT : INITIAL DATA : bfc00008: 0e
RAM : INIT : INITIAL DATA : bfc0000a: 05
RAM : INIT : INITIAL DATA : bfc0000b: 90
RAM : INIT : INITIAL DATA : bfc0000c: 0f
RAM : INIT : INITIAL DATA : bfc0000e: 06
RAM : INIT : INITIAL DATA : bfc0000f: 90
RAM : INIT : INITIAL DATA : bfc00010: 20
RAM : INIT : INITIAL DATA : bfc00012: 03
RAM : INIT : INITIAL DATA : bfc00013: ac
RAM : INIT : INITIAL DATA : bfc00014: 24
RAM : INIT : INITIAL DATA : bfc00016: 04
RAM : INIT : INITIAL DATA : bfc00017: ac
RAM : INIT : INITIAL DATA : bfc00018: 28
RAM : INIT : INITIAL DATA : bfc0001a: 05
RAM : INIT : INITIAL DATA : bfc0001b: ac
RAM : INIT : INITIAL DATA : bfc0001c: 2c
RAM : INIT : INITIAL DATA : bfc0001e: 06
RAM : INIT : INITIAL DATA : bfc0001f: ac
RAM : INIT : INITIAL DATA : bfc00020: 08
CPU reset
VCD info: dumpfile cpu_toplvl_waves.vcd opened for output.
CPU reset
----------
FINAL MEMORY : 00000004: 04
FINAL MEMORY : 00000006: c0
FINAL MEMORY : 00000007: bf
FINAL MEMORY : 00000008: ff
FINAL MEMORY : 00000009: ff
FINAL MEMORY : 0000000a: ff
FINAL MEMORY : 0000000b: ff
FINAL MEMORY : 0000000c: 11
FINAL MEMORY : 0000000d: 22
FINAL MEMORY : 0000000e: 33
FINAL MEMORY : 0000000f: 44
FINAL MEMORY : bfc00000: 0c
FINAL MEMORY : bfc00002: 03
FINAL MEMORY : bfc00003: 90
FINAL MEMORY : bfc00004: 0d
FINAL MEMORY : bfc00006: 04
FINAL MEMORY : bfc00007: 90
FINAL MEMORY : bfc00008: 0e
FINAL MEMORY : bfc0000a: 05
FINAL MEMORY : bfc0000b: 90
FINAL MEMORY : bfc0000c: 0f
FINAL MEMORY : bfc0000e: 06
FINAL MEMORY : bfc0000f: 90
FINAL MEMORY : bfc00010: 20
FINAL MEMORY : bfc00012: 03
FINAL MEMORY : bfc00013: ac
FINAL MEMORY : bfc00014: 24
FINAL MEMORY : bfc00016: 04
FINAL MEMORY : bfc00017: ac
FINAL MEMORY : bfc00018: 28
FINAL MEMORY : bfc0001a: 05
FINAL MEMORY : bfc0001b: ac
FINAL MEMORY : bfc0001c: 2c
FINAL MEMORY : bfc0001e: 06
FINAL MEMORY : bfc0001f: ac
FINAL MEMORY : bfc00020: 08
----------
----------
FINAL MEMORY : 00000004: 04
FINAL MEMORY : 00000006: c0
FINAL MEMORY : 00000007: bf
FINAL MEMORY : 00000008: ff
FINAL MEMORY : 00000009: ff
FINAL MEMORY : 0000000a: ff
FINAL MEMORY : 0000000b: ff
FINAL MEMORY : 0000000c: 11
FINAL MEMORY : 0000000d: 22
FINAL MEMORY : 0000000e: 33
FINAL MEMORY : 0000000f: 44
FINAL MEMORY : 00000020: 11
FINAL MEMORY : 00000024: 22
FINAL MEMORY : 00000028: 33
FINAL MEMORY : 0000002c: 44
FINAL MEMORY : bfc00000: 0c
FINAL MEMORY : bfc00002: 03
FINAL MEMORY : bfc00003: 90
FINAL MEMORY : bfc00004: 0d
FINAL MEMORY : bfc00006: 04
FINAL MEMORY : bfc00007: 90
FINAL MEMORY : bfc00008: 0e
FINAL MEMORY : bfc0000a: 05
FINAL MEMORY : bfc0000b: 90
FINAL MEMORY : bfc0000c: 0f
FINAL MEMORY : bfc0000e: 06
FINAL MEMORY : bfc0000f: 90
FINAL MEMORY : bfc00010: 20
FINAL MEMORY : bfc00012: 03
FINAL MEMORY : bfc00013: ac
FINAL MEMORY : bfc00014: 24
FINAL MEMORY : bfc00016: 04
FINAL MEMORY : bfc00017: ac
FINAL MEMORY : bfc00018: 28
FINAL MEMORY : bfc0001a: 05
FINAL MEMORY : bfc0001b: ac
FINAL MEMORY : bfc0001c: 2c
FINAL MEMORY : bfc0001e: 06
FINAL MEMORY : bfc0001f: ac
FINAL MEMORY : bfc00020: 08
----------
v0: 00000000
active: 0
TB : finished; running=0
