00000000: ff
00000001: ff
00000002: ff
00000003: ff
00000004: 04
00000006: c0
00000007: bf
00000008: ff
00000009: ff
0000000a: ff
0000000b: ff
0000000c: 11
0000000d: 22
0000000e: 33
0000000f: 44
bfc00000: 08
bfc00002: 02
bfc00003: 84
bfc00006: 82
bfc00007: ac
bfc00008: 0a
bfc0000a: 02
bfc0000b: 84
bfc0000c: 08
v0: ffffffff
