00000000: 11
00000001: 22
00000004: 04
00000006: c0
00000007: bf
00000008: ff
00000009: ff
0000000a: ff
0000000b: ff
0000000c: 11
0000000d: 22
0000000e: 33
0000000f: 44
bfc00000: 0c
bfc00002: 02
bfc00003: 94
bfc00006: 82
bfc00007: ac
bfc00008: 0e
bfc0000a: 02
bfc0000b: 94
bfc0000c: 08
v0: 00004433
