RAM : INIT : Loading RAM contents from binary/LWL_2.hex.txt
WARNING: ./test_bench/memory_block.v:33: $readmemh(data_binary/initial_data.hex.txt): Not enough words in the file for the requested range [4:1023].
WARNING: ./test_bench/memory_block.v:34: $readmemh(binary/LWL_2.hex.txt): Not enough words in the file for the requested range [1024:2047].
RAM : INIT : DISPLAYING INITIALSIED RAM
RAM : INIT : INITIAL DATA : 00000004: 04
RAM : INIT : INITIAL DATA : 00000006: c0
RAM : INIT : INITIAL DATA : 00000007: bf
RAM : INIT : INITIAL DATA : 00000008: ff
RAM : INIT : INITIAL DATA : 00000009: ff
RAM : INIT : INITIAL DATA : 0000000a: ff
RAM : INIT : INITIAL DATA : 0000000b: ff
RAM : INIT : INITIAL DATA : 0000000c: 11
RAM : INIT : INITIAL DATA : 0000000d: 22
RAM : INIT : INITIAL DATA : 0000000e: 33
RAM : INIT : INITIAL DATA : 0000000f: 44
RAM : INIT : INITIAL DATA : bfc00000: 08
RAM : INIT : INITIAL DATA : bfc00002: 03
RAM : INIT : INITIAL DATA : bfc00003: 8c
RAM : INIT : INITIAL DATA : bfc00004: 0c
RAM : INIT : INITIAL DATA : bfc00006: 03
RAM : INIT : INITIAL DATA : bfc00007: 88
RAM : INIT : INITIAL DATA : bfc00008: 0d
RAM : INIT : INITIAL DATA : bfc0000a: 04
RAM : INIT : INITIAL DATA : bfc0000b: 88
RAM : INIT : INITIAL DATA : bfc0000c: 0e
RAM : INIT : INITIAL DATA : bfc0000e: 05
RAM : INIT : INITIAL DATA : bfc0000f: 88
RAM : INIT : INITIAL DATA : bfc00010: 0f
RAM : INIT : INITIAL DATA : bfc00012: 06
RAM : INIT : INITIAL DATA : bfc00013: 88
RAM : INIT : INITIAL DATA : bfc00014: 14
RAM : INIT : INITIAL DATA : bfc00016: 03
RAM : INIT : INITIAL DATA : bfc00017: ac
RAM : INIT : INITIAL DATA : bfc00018: 18
RAM : INIT : INITIAL DATA : bfc0001a: 04
RAM : INIT : INITIAL DATA : bfc0001b: ac
RAM : INIT : INITIAL DATA : bfc0001c: 1c
RAM : INIT : INITIAL DATA : bfc0001e: 05
RAM : INIT : INITIAL DATA : bfc0001f: ac
RAM : INIT : INITIAL DATA : bfc00020: 20
RAM : INIT : INITIAL DATA : bfc00022: 06
RAM : INIT : INITIAL DATA : bfc00023: ac
RAM : INIT : INITIAL DATA : bfc00024: 08
CPU reset
VCD info: dumpfile cpu_toplvl_waves.vcd opened for output.
CPU reset
----------
FINAL MEMORY : 00000004: 04
FINAL MEMORY : 00000006: c0
FINAL MEMORY : 00000007: bf
FINAL MEMORY : 00000008: ff
FINAL MEMORY : 00000009: ff
FINAL MEMORY : 0000000a: ff
FINAL MEMORY : 0000000b: ff
FINAL MEMORY : 0000000c: 11
FINAL MEMORY : 0000000d: 22
FINAL MEMORY : 0000000e: 33
FINAL MEMORY : 0000000f: 44
FINAL MEMORY : bfc00000: 08
FINAL MEMORY : bfc00002: 03
FINAL MEMORY : bfc00003: 8c
FINAL MEMORY : bfc00004: 0c
FINAL MEMORY : bfc00006: 03
FINAL MEMORY : bfc00007: 88
FINAL MEMORY : bfc00008: 0d
FINAL MEMORY : bfc0000a: 04
FINAL MEMORY : bfc0000b: 88
FINAL MEMORY : bfc0000c: 0e
FINAL MEMORY : bfc0000e: 05
FINAL MEMORY : bfc0000f: 88
FINAL MEMORY : bfc00010: 0f
FINAL MEMORY : bfc00012: 06
FINAL MEMORY : bfc00013: 88
FINAL MEMORY : bfc00014: 14
FINAL MEMORY : bfc00016: 03
FINAL MEMORY : bfc00017: ac
FINAL MEMORY : bfc00018: 18
FINAL MEMORY : bfc0001a: 04
FINAL MEMORY : bfc0001b: ac
FINAL MEMORY : bfc0001c: 1c
FINAL MEMORY : bfc0001e: 05
FINAL MEMORY : bfc0001f: ac
FINAL MEMORY : bfc00020: 20
FINAL MEMORY : bfc00022: 06
FINAL MEMORY : bfc00023: ac
FINAL MEMORY : bfc00024: 08
----------
----------
FINAL MEMORY : 00000004: 04
FINAL MEMORY : 00000006: c0
FINAL MEMORY : 00000007: bf
FINAL MEMORY : 00000008: ff
FINAL MEMORY : 00000009: ff
FINAL MEMORY : 0000000a: ff
FINAL MEMORY : 0000000b: ff
FINAL MEMORY : 0000000c: 11
FINAL MEMORY : 0000000d: 22
FINAL MEMORY : 0000000e: 33
FINAL MEMORY : 0000000f: 44
FINAL MEMORY : 00000014: ff
FINAL MEMORY : 00000015: ff
FINAL MEMORY : 00000016: ff
FINAL MEMORY : 00000017: 11
FINAL MEMORY : 0000001a: 11
FINAL MEMORY : 0000001b: 22
FINAL MEMORY : 0000001d: 11
FINAL MEMORY : 0000001e: 22
FINAL MEMORY : 0000001f: 33
FINAL MEMORY : 00000020: 11
FINAL MEMORY : 00000021: 22
FINAL MEMORY : 00000022: 33
FINAL MEMORY : 00000023: 44
FINAL MEMORY : bfc00000: 08
FINAL MEMORY : bfc00002: 03
FINAL MEMORY : bfc00003: 8c
FINAL MEMORY : bfc00004: 0c
FINAL MEMORY : bfc00006: 03
FINAL MEMORY : bfc00007: 88
FINAL MEMORY : bfc00008: 0d
FINAL MEMORY : bfc0000a: 04
FINAL MEMORY : bfc0000b: 88
FINAL MEMORY : bfc0000c: 0e
FINAL MEMORY : bfc0000e: 05
FINAL MEMORY : bfc0000f: 88
FINAL MEMORY : bfc00010: 0f
FINAL MEMORY : bfc00012: 06
FINAL MEMORY : bfc00013: 88
FINAL MEMORY : bfc00014: 14
FINAL MEMORY : bfc00016: 03
FINAL MEMORY : bfc00017: ac
FINAL MEMORY : bfc00018: 18
FINAL MEMORY : bfc0001a: 04
FINAL MEMORY : bfc0001b: ac
FINAL MEMORY : bfc0001c: 1c
FINAL MEMORY : bfc0001e: 05
FINAL MEMORY : bfc0001f: ac
FINAL MEMORY : bfc00020: 20
FINAL MEMORY : bfc00022: 06
FINAL MEMORY : bfc00023: ac
FINAL MEMORY : bfc00024: 08
----------
v0: 00000000
active: 0
TB : finished; running=0
