00000004: 04
00000006: c0
00000007: bf
00000008: ff
00000009: ff
0000000a: ff
0000000b: ff
0000000c: 11
0000000d: 22
0000000e: 33
0000000f: 44
00000014: ff
00000015: ff
00000016: ff
00000017: 11
0000001a: 11
0000001b: 22
0000001d: 11
0000001e: 22
0000001f: 33
00000020: 11
00000021: 22
00000022: 33
00000023: 44
bfc00000: 08
bfc00002: 03
bfc00003: 8c
bfc00004: 0c
bfc00006: 03
bfc00007: 88
bfc00008: 0d
bfc0000a: 04
bfc0000b: 88
bfc0000c: 0e
bfc0000e: 05
bfc0000f: 88
bfc00010: 0f
bfc00012: 06
bfc00013: 88
bfc00014: 14
bfc00016: 03
bfc00017: ac
bfc00018: 18
bfc0001a: 04
bfc0001b: ac
bfc0001c: 1c
bfc0001e: 05
bfc0001f: ac
bfc00020: 20
bfc00022: 06
bfc00023: ac
bfc00024: 08
v0: 00000000
