00000004: 04
00000006: c0
00000007: bf
00000008: ff
00000009: ff
0000000a: ff
0000000b: ff
0000000c: 11
0000000d: 22
0000000e: 33
0000000f: 44
00000014: 87
00000015: 01
00000018: 79
00000019: fe
0000001a: ff
0000001b: ff
bfc00000: 87
bfc00001: 01
bfc00002: 03
bfc00003: 24
bfc00004: 13
bfc00006: 60
bfc00008: 12
bfc00009: 10
bfc0000c: 14
bfc0000e: 02
bfc0000f: ac
bfc00010: 79
bfc00011: fe
bfc00012: 04
bfc00013: 24
bfc00014: 13
bfc00016: 80
bfc00018: 12
bfc00019: 08
bfc0001c: 18
bfc0001e: 01
bfc0001f: ac
bfc00020: 08
v0: 00000187
