00000004: 04
00000006: c0
00000007: bf
00000008: ff
00000009: ff
0000000a: ff
0000000b: ff
0000000c: 11
0000000d: 22
0000000e: 33
0000000f: 44
00000014: 74
00000015: a4
0000001c: 58
0000001d: 20
0000001e: ff
0000001f: ff
00000020: 93
00000021: 06
bfc00000: 94
bfc00001: 06
bfc00002: 03
bfc00003: 24
bfc00004: 19
bfc00006: 04
bfc00007: 24
bfc00008: 19
bfc0000a: 64
bfc0000c: 12
bfc0000d: 28
bfc00010: 10
bfc00011: 30
bfc00014: 14
bfc00016: 05
bfc00017: ac
bfc00018: 18
bfc0001a: 06
bfc0001b: ac
bfc0001c: 94
bfc0001d: 06
bfc0001e: 03
bfc0001f: 24
bfc00020: de
bfc00021: ff
bfc00022: 04
bfc00023: 24
bfc00024: 19
bfc00026: 64
bfc00028: 12
bfc00029: 28
bfc0002c: 10
bfc0002d: 30
bfc00030: 1c
bfc00032: 05
bfc00033: ac
bfc00034: 20
bfc00036: 06
bfc00037: ac
bfc0003a: 03
bfc0003b: 24
bfc0003c: 19
bfc0003e: 04
bfc0003f: 24
bfc00040: 19
bfc00042: 64
bfc00044: 12
bfc00045: 28
bfc00048: 10
bfc00049: 30
bfc0004c: 24
bfc0004e: 05
bfc0004f: ac
bfc00050: 28
bfc00052: 06
bfc00053: ac
bfc00054: 48
bfc00056: 03
bfc00057: 24
bfc0005a: 04
bfc0005b: 24
bfc0005c: 19
bfc0005e: 64
bfc00060: 12
bfc00061: 28
bfc00064: 10
bfc00065: 30
bfc00068: 2c
bfc0006a: 05
bfc0006b: ac
bfc0006c: 30
bfc0006e: 06
bfc0006f: ac
bfc00070: 08
v0: 00000000
