RAM : INIT : Loading RAM contents from ./test/binary/SB_ALT.hex.txt
WARNING: ./test/test_bench/memory_block.v:33: $readmemh(./test/data_binary/initial_data.hex.txt): Not enough words in the file for the requested range [4:1023].
WARNING: ./test/test_bench/memory_block.v:34: $readmemh(./test/binary/SB_ALT.hex.txt): Not enough words in the file for the requested range [1024:2047].
RAM : INIT : DISPLAYING INITIALSIED RAM
RAM : INIT : INITIAL DATA : 00000004: 04
RAM : INIT : INITIAL DATA : 00000006: c0
RAM : INIT : INITIAL DATA : 00000007: bf
RAM : INIT : INITIAL DATA : 00000008: ff
RAM : INIT : INITIAL DATA : 00000009: ff
RAM : INIT : INITIAL DATA : 0000000a: ff
RAM : INIT : INITIAL DATA : 0000000b: ff
RAM : INIT : INITIAL DATA : 0000000c: 11
RAM : INIT : INITIAL DATA : 0000000d: 22
RAM : INIT : INITIAL DATA : 0000000e: 33
RAM : INIT : INITIAL DATA : 0000000f: 44
RAM : INIT : INITIAL DATA : bfc00000: 0c
RAM : INIT : INITIAL DATA : bfc00002: 02
RAM : INIT : INITIAL DATA : bfc00003: 8c
RAM : INIT : INITIAL DATA : bfc00004: 18
RAM : INIT : INITIAL DATA : bfc00006: 02
RAM : INIT : INITIAL DATA : bfc00007: a0
RAM : INIT : INITIAL DATA : bfc00008: 1d
RAM : INIT : INITIAL DATA : bfc0000a: 02
RAM : INIT : INITIAL DATA : bfc0000b: a0
RAM : INIT : INITIAL DATA : bfc0000c: 22
RAM : INIT : INITIAL DATA : bfc0000e: 02
RAM : INIT : INITIAL DATA : bfc0000f: a0
RAM : INIT : INITIAL DATA : bfc00010: 27
RAM : INIT : INITIAL DATA : bfc00012: 02
RAM : INIT : INITIAL DATA : bfc00013: a0
RAM : INIT : INITIAL DATA : bfc00014: 18
RAM : INIT : INITIAL DATA : bfc00016: 02
RAM : INIT : INITIAL DATA : bfc00017: 8c
RAM : INIT : INITIAL DATA : bfc00018: 1c
RAM : INIT : INITIAL DATA : bfc0001a: 02
RAM : INIT : INITIAL DATA : bfc0001b: 8c
RAM : INIT : INITIAL DATA : bfc0001c: 20
RAM : INIT : INITIAL DATA : bfc0001e: 02
RAM : INIT : INITIAL DATA : bfc0001f: a0
RAM : INIT : INITIAL DATA : bfc00020: 24
RAM : INIT : INITIAL DATA : bfc00022: 02
RAM : INIT : INITIAL DATA : bfc00023: a0
RAM : INIT : INITIAL DATA : bfc00024: 08
RAM : INIT : INITIAL DATA : bfc0002b: 24
RAM : INIT : INITIAL DATA : bfc0002c: 08
CPU reset
VCD info: dumpfile cpu_toplvl_waves.vcd opened for output.
CPU reset
----------
FINAL MEMORY : 00000004: 04
FINAL MEMORY : 00000006: c0
FINAL MEMORY : 00000007: bf
FINAL MEMORY : 00000008: ff
FINAL MEMORY : 00000009: ff
FINAL MEMORY : 0000000a: ff
FINAL MEMORY : 0000000b: ff
FINAL MEMORY : 0000000c: 11
FINAL MEMORY : 0000000d: 22
FINAL MEMORY : 0000000e: 33
FINAL MEMORY : 0000000f: 44
FINAL MEMORY : bfc00000: 0c
FINAL MEMORY : bfc00002: 02
FINAL MEMORY : bfc00003: 8c
FINAL MEMORY : bfc00004: 18
FINAL MEMORY : bfc00006: 02
FINAL MEMORY : bfc00007: a0
FINAL MEMORY : bfc00008: 1d
FINAL MEMORY : bfc0000a: 02
FINAL MEMORY : bfc0000b: a0
FINAL MEMORY : bfc0000c: 22
FINAL MEMORY : bfc0000e: 02
FINAL MEMORY : bfc0000f: a0
FINAL MEMORY : bfc00010: 27
FINAL MEMORY : bfc00012: 02
FINAL MEMORY : bfc00013: a0
FINAL MEMORY : bfc00014: 18
FINAL MEMORY : bfc00016: 02
FINAL MEMORY : bfc00017: 8c
FINAL MEMORY : bfc00018: 1c
FINAL MEMORY : bfc0001a: 02
FINAL MEMORY : bfc0001b: 8c
FINAL MEMORY : bfc0001c: 20
FINAL MEMORY : bfc0001e: 02
FINAL MEMORY : bfc0001f: a0
FINAL MEMORY : bfc00020: 24
FINAL MEMORY : bfc00022: 02
FINAL MEMORY : bfc00023: a0
FINAL MEMORY : bfc00024: 08
FINAL MEMORY : bfc0002b: 24
FINAL MEMORY : bfc0002c: 08
----------
----------
FINAL MEMORY : 00000004: 04
FINAL MEMORY : 00000006: c0
FINAL MEMORY : 00000007: bf
FINAL MEMORY : 00000008: ff
FINAL MEMORY : 00000009: ff
FINAL MEMORY : 0000000a: ff
FINAL MEMORY : 0000000b: ff
FINAL MEMORY : 0000000c: 11
FINAL MEMORY : 0000000d: 22
FINAL MEMORY : 0000000e: 33
FINAL MEMORY : 0000000f: 44
FINAL MEMORY : 00000018: 11
FINAL MEMORY : 0000001d: 11
FINAL MEMORY : 00000022: 11
FINAL MEMORY : 00000027: 11
FINAL MEMORY : bfc00000: 0c
FINAL MEMORY : bfc00002: 02
FINAL MEMORY : bfc00003: 8c
FINAL MEMORY : bfc00004: 18
FINAL MEMORY : bfc00006: 02
FINAL MEMORY : bfc00007: a0
FINAL MEMORY : bfc00008: 1d
FINAL MEMORY : bfc0000a: 02
FINAL MEMORY : bfc0000b: a0
FINAL MEMORY : bfc0000c: 22
FINAL MEMORY : bfc0000e: 02
FINAL MEMORY : bfc0000f: a0
FINAL MEMORY : bfc00010: 27
FINAL MEMORY : bfc00012: 02
FINAL MEMORY : bfc00013: a0
FINAL MEMORY : bfc00014: 18
FINAL MEMORY : bfc00016: 02
FINAL MEMORY : bfc00017: 8c
FINAL MEMORY : bfc00018: 1c
FINAL MEMORY : bfc0001a: 02
FINAL MEMORY : bfc0001b: 8c
FINAL MEMORY : bfc0001c: 20
FINAL MEMORY : bfc0001e: 02
FINAL MEMORY : bfc0001f: a0
FINAL MEMORY : bfc00020: 24
FINAL MEMORY : bfc00022: 02
FINAL MEMORY : bfc00023: a0
FINAL MEMORY : bfc00024: 08
FINAL MEMORY : bfc0002b: 24
FINAL MEMORY : bfc0002c: 08
----------
v0: 00001100
active: 0
TB : finished; running=0
