00000000: 11
00000001: 22
00000004: 04
00000006: 11
00000007: 22
00000008: ff
00000009: ff
0000000a: ff
0000000b: ff
0000000c: 11
0000000d: 22
0000000e: 33
0000000f: 44
bfc00000: 0c
bfc00002: 03
bfc00003: 8c
bfc00006: 03
bfc00007: a4
bfc00008: 06
bfc0000a: 03
bfc0000b: a4
bfc0000c: 08
v0: 00000000
