00000004: 04
00000006: c0
00000007: bf
00000008: ff
00000009: ff
0000000a: ff
0000000b: ff
0000000c: 11
0000000d: 22
0000000e: 33
0000000f: 44
bfc00002: 03
bfc00003: 24
bfc00004: 02
bfc00006: 04
bfc00007: 24
bfc00008: 01
bfc0000a: 05
bfc0000b: 24
bfc0000c: 23
bfc0000d: 28
bfc0000e: a4
bfc00010: 2a
bfc00011: 10
bfc00012: 64
bfc00014: 2a
bfc00015: 10
bfc00016: 85
bfc00018: 2a
bfc00019: 10
bfc0001a: a4
bfc0001c: 08
v0: 00000001
