RAM : INIT : Loading RAM contents from binary/SLT.hex.txt
WARNING: ./test_bench/memory_block.v:33: $readmemh(data_binary/initial_data.hex.txt): Not enough words in the file for the requested range [4:1023].
WARNING: ./test_bench/memory_block.v:34: $readmemh(binary/SLT.hex.txt): Not enough words in the file for the requested range [1024:2047].
RAM : INIT : DISPLAYING INITIALSIED RAM
RAM : INIT : INITIAL DATA : 00000004: 04
RAM : INIT : INITIAL DATA : 00000006: c0
RAM : INIT : INITIAL DATA : 00000007: bf
RAM : INIT : INITIAL DATA : 00000008: ff
RAM : INIT : INITIAL DATA : 00000009: ff
RAM : INIT : INITIAL DATA : 0000000a: ff
RAM : INIT : INITIAL DATA : 0000000b: ff
RAM : INIT : INITIAL DATA : 0000000c: 11
RAM : INIT : INITIAL DATA : 0000000d: 22
RAM : INIT : INITIAL DATA : 0000000e: 33
RAM : INIT : INITIAL DATA : 0000000f: 44
RAM : INIT : INITIAL DATA : bfc00002: 03
RAM : INIT : INITIAL DATA : bfc00003: 24
RAM : INIT : INITIAL DATA : bfc00004: 02
RAM : INIT : INITIAL DATA : bfc00006: 04
RAM : INIT : INITIAL DATA : bfc00007: 24
RAM : INIT : INITIAL DATA : bfc00008: 01
RAM : INIT : INITIAL DATA : bfc0000a: 05
RAM : INIT : INITIAL DATA : bfc0000b: 24
RAM : INIT : INITIAL DATA : bfc0000c: 23
RAM : INIT : INITIAL DATA : bfc0000d: 28
RAM : INIT : INITIAL DATA : bfc0000e: a4
RAM : INIT : INITIAL DATA : bfc00010: 2a
RAM : INIT : INITIAL DATA : bfc00011: 10
RAM : INIT : INITIAL DATA : bfc00012: 64
RAM : INIT : INITIAL DATA : bfc00014: 2a
RAM : INIT : INITIAL DATA : bfc00015: 10
RAM : INIT : INITIAL DATA : bfc00016: 85
RAM : INIT : INITIAL DATA : bfc00018: 2a
RAM : INIT : INITIAL DATA : bfc00019: 10
RAM : INIT : INITIAL DATA : bfc0001a: a4
RAM : INIT : INITIAL DATA : bfc0001c: 08
CPU reset
VCD info: dumpfile cpu_toplvl_waves.vcd opened for output.
CPU reset
----------
FINAL MEMORY : 00000004: 04
FINAL MEMORY : 00000006: c0
FINAL MEMORY : 00000007: bf
FINAL MEMORY : 00000008: ff
FINAL MEMORY : 00000009: ff
FINAL MEMORY : 0000000a: ff
FINAL MEMORY : 0000000b: ff
FINAL MEMORY : 0000000c: 11
FINAL MEMORY : 0000000d: 22
FINAL MEMORY : 0000000e: 33
FINAL MEMORY : 0000000f: 44
FINAL MEMORY : bfc00002: 03
FINAL MEMORY : bfc00003: 24
FINAL MEMORY : bfc00004: 02
FINAL MEMORY : bfc00006: 04
FINAL MEMORY : bfc00007: 24
FINAL MEMORY : bfc00008: 01
FINAL MEMORY : bfc0000a: 05
FINAL MEMORY : bfc0000b: 24
FINAL MEMORY : bfc0000c: 23
FINAL MEMORY : bfc0000d: 28
FINAL MEMORY : bfc0000e: a4
FINAL MEMORY : bfc00010: 2a
FINAL MEMORY : bfc00011: 10
FINAL MEMORY : bfc00012: 64
FINAL MEMORY : bfc00014: 2a
FINAL MEMORY : bfc00015: 10
FINAL MEMORY : bfc00016: 85
FINAL MEMORY : bfc00018: 2a
FINAL MEMORY : bfc00019: 10
FINAL MEMORY : bfc0001a: a4
FINAL MEMORY : bfc0001c: 08
----------
----------
FINAL MEMORY : 00000004: 04
FINAL MEMORY : 00000006: c0
FINAL MEMORY : 00000007: bf
FINAL MEMORY : 00000008: ff
FINAL MEMORY : 00000009: ff
FINAL MEMORY : 0000000a: ff
FINAL MEMORY : 0000000b: ff
FINAL MEMORY : 0000000c: 11
FINAL MEMORY : 0000000d: 22
FINAL MEMORY : 0000000e: 33
FINAL MEMORY : 0000000f: 44
FINAL MEMORY : bfc00002: 03
FINAL MEMORY : bfc00003: 24
FINAL MEMORY : bfc00004: 02
FINAL MEMORY : bfc00006: 04
FINAL MEMORY : bfc00007: 24
FINAL MEMORY : bfc00008: 01
FINAL MEMORY : bfc0000a: 05
FINAL MEMORY : bfc0000b: 24
FINAL MEMORY : bfc0000c: 23
FINAL MEMORY : bfc0000d: 28
FINAL MEMORY : bfc0000e: a4
FINAL MEMORY : bfc00010: 2a
FINAL MEMORY : bfc00011: 10
FINAL MEMORY : bfc00012: 64
FINAL MEMORY : bfc00014: 2a
FINAL MEMORY : bfc00015: 10
FINAL MEMORY : bfc00016: 85
FINAL MEMORY : bfc00018: 2a
FINAL MEMORY : bfc00019: 10
FINAL MEMORY : bfc0001a: a4
FINAL MEMORY : bfc0001c: 08
----------
v0: 00000001
active: 0
TB : finished; running=0
