00000000: 01
0000000c: 01
bfc00000: 0a
bfc00002: 03
bfc00003: 24
bfc00004: 0b
bfc00006: 62
bfc00007: 28
bfc0000a: 02
bfc0000b: ac
bfc0000c: 08
bfc0000e: 62
bfc0000f: 28
bfc00010: 04
bfc00012: 02
bfc00013: ac
bfc00014: f9
bfc00015: ff
bfc00016: 62
bfc00017: 28
bfc00018: 08
bfc0001a: 02
bfc0001b: ac
bfc0001c: 08
bfc0001e: 62
bfc0001f: 28
bfc00020: 0c
bfc00022: 02
bfc00023: ac
bfc00024: 0c
bfc00026: 62
bfc00027: 28
bfc00028: 0c
bfc0002a: 02
bfc0002b: ac
bfc0002c: 0a
bfc0002e: 62
bfc0002f: 28
bfc00030: 08
v0: 00000000
