RAM : INIT : Loading RAM contents from binary/SRA.hex.txt
WARNING: ./test_bench/memory_block.v:33: $readmemh(data_binary/initial_data.hex.txt): Not enough words in the file for the requested range [4:1023].
WARNING: ./test_bench/memory_block.v:34: $readmemh(binary/SRA.hex.txt): Not enough words in the file for the requested range [1024:2047].
RAM : INIT : DISPLAYING INITIALSIED RAM
RAM : INIT : INITIAL DATA : 00000004: 04
RAM : INIT : INITIAL DATA : 00000006: c0
RAM : INIT : INITIAL DATA : 00000007: bf
RAM : INIT : INITIAL DATA : 00000008: ff
RAM : INIT : INITIAL DATA : 00000009: ff
RAM : INIT : INITIAL DATA : 0000000a: ff
RAM : INIT : INITIAL DATA : 0000000b: ff
RAM : INIT : INITIAL DATA : 0000000c: 11
RAM : INIT : INITIAL DATA : 0000000d: 22
RAM : INIT : INITIAL DATA : 0000000e: 33
RAM : INIT : INITIAL DATA : 0000000f: 44
RAM : INIT : INITIAL DATA : bfc00000: ff
RAM : INIT : INITIAL DATA : bfc00001: ff
RAM : INIT : INITIAL DATA : bfc00002: 03
RAM : INIT : INITIAL DATA : bfc00003: 24
RAM : INIT : INITIAL DATA : bfc00004: f0
RAM : INIT : INITIAL DATA : bfc00005: ff
RAM : INIT : INITIAL DATA : bfc00006: 04
RAM : INIT : INITIAL DATA : bfc00007: 24
RAM : INIT : INITIAL DATA : bfc00008: 01
RAM : INIT : INITIAL DATA : bfc0000a: 05
RAM : INIT : INITIAL DATA : bfc0000b: 24
RAM : INIT : INITIAL DATA : bfc0000c: 03
RAM : INIT : INITIAL DATA : bfc0000d: 10
RAM : INIT : INITIAL DATA : bfc0000e: 03
RAM : INIT : INITIAL DATA : bfc00012: 02
RAM : INIT : INITIAL DATA : bfc00013: ac
RAM : INIT : INITIAL DATA : bfc00014: 83
RAM : INIT : INITIAL DATA : bfc00015: 10
RAM : INIT : INITIAL DATA : bfc00016: 03
RAM : INIT : INITIAL DATA : bfc00018: 04
RAM : INIT : INITIAL DATA : bfc0001a: 02
RAM : INIT : INITIAL DATA : bfc0001b: ac
RAM : INIT : INITIAL DATA : bfc0001c: 83
RAM : INIT : INITIAL DATA : bfc0001d: 12
RAM : INIT : INITIAL DATA : bfc0001e: 03
RAM : INIT : INITIAL DATA : bfc00020: 08
RAM : INIT : INITIAL DATA : bfc00022: 02
RAM : INIT : INITIAL DATA : bfc00023: ac
RAM : INIT : INITIAL DATA : bfc00024: 03
RAM : INIT : INITIAL DATA : bfc00025: 10
RAM : INIT : INITIAL DATA : bfc00026: 04
RAM : INIT : INITIAL DATA : bfc00028: 0c
RAM : INIT : INITIAL DATA : bfc0002a: 02
RAM : INIT : INITIAL DATA : bfc0002b: ac
RAM : INIT : INITIAL DATA : bfc0002c: 83
RAM : INIT : INITIAL DATA : bfc0002d: 10
RAM : INIT : INITIAL DATA : bfc0002e: 04
RAM : INIT : INITIAL DATA : bfc00030: 10
RAM : INIT : INITIAL DATA : bfc00032: 02
RAM : INIT : INITIAL DATA : bfc00033: ac
RAM : INIT : INITIAL DATA : bfc00034: 83
RAM : INIT : INITIAL DATA : bfc00035: 12
RAM : INIT : INITIAL DATA : bfc00036: 04
RAM : INIT : INITIAL DATA : bfc00038: 14
RAM : INIT : INITIAL DATA : bfc0003a: 02
RAM : INIT : INITIAL DATA : bfc0003b: ac
RAM : INIT : INITIAL DATA : bfc0003c: 03
RAM : INIT : INITIAL DATA : bfc0003d: 10
RAM : INIT : INITIAL DATA : bfc0003e: 05
RAM : INIT : INITIAL DATA : bfc00040: 18
RAM : INIT : INITIAL DATA : bfc00042: 02
RAM : INIT : INITIAL DATA : bfc00043: ac
RAM : INIT : INITIAL DATA : bfc00044: 83
RAM : INIT : INITIAL DATA : bfc00045: 10
RAM : INIT : INITIAL DATA : bfc00046: 05
RAM : INIT : INITIAL DATA : bfc00048: 1c
RAM : INIT : INITIAL DATA : bfc0004a: 02
RAM : INIT : INITIAL DATA : bfc0004b: ac
RAM : INIT : INITIAL DATA : bfc0004c: 83
RAM : INIT : INITIAL DATA : bfc0004d: 12
RAM : INIT : INITIAL DATA : bfc0004e: 05
RAM : INIT : INITIAL DATA : bfc00050: 20
RAM : INIT : INITIAL DATA : bfc00052: 02
RAM : INIT : INITIAL DATA : bfc00053: ac
RAM : INIT : INITIAL DATA : bfc00054: 08
CPU reset
VCD info: dumpfile cpu_toplvl_waves.vcd opened for output.
CPU reset
----------
FINAL MEMORY : 00000004: 04
FINAL MEMORY : 00000006: c0
FINAL MEMORY : 00000007: bf
FINAL MEMORY : 00000008: ff
FINAL MEMORY : 00000009: ff
FINAL MEMORY : 0000000a: ff
FINAL MEMORY : 0000000b: ff
FINAL MEMORY : 0000000c: 11
FINAL MEMORY : 0000000d: 22
FINAL MEMORY : 0000000e: 33
FINAL MEMORY : 0000000f: 44
FINAL MEMORY : bfc00000: ff
FINAL MEMORY : bfc00001: ff
FINAL MEMORY : bfc00002: 03
FINAL MEMORY : bfc00003: 24
FINAL MEMORY : bfc00004: f0
FINAL MEMORY : bfc00005: ff
FINAL MEMORY : bfc00006: 04
FINAL MEMORY : bfc00007: 24
FINAL MEMORY : bfc00008: 01
FINAL MEMORY : bfc0000a: 05
FINAL MEMORY : bfc0000b: 24
FINAL MEMORY : bfc0000c: 03
FINAL MEMORY : bfc0000d: 10
FINAL MEMORY : bfc0000e: 03
FINAL MEMORY : bfc00012: 02
FINAL MEMORY : bfc00013: ac
FINAL MEMORY : bfc00014: 83
FINAL MEMORY : bfc00015: 10
FINAL MEMORY : bfc00016: 03
FINAL MEMORY : bfc00018: 04
FINAL MEMORY : bfc0001a: 02
FINAL MEMORY : bfc0001b: ac
FINAL MEMORY : bfc0001c: 83
FINAL MEMORY : bfc0001d: 12
FINAL MEMORY : bfc0001e: 03
FINAL MEMORY : bfc00020: 08
FINAL MEMORY : bfc00022: 02
FINAL MEMORY : bfc00023: ac
FINAL MEMORY : bfc00024: 03
FINAL MEMORY : bfc00025: 10
FINAL MEMORY : bfc00026: 04
FINAL MEMORY : bfc00028: 0c
FINAL MEMORY : bfc0002a: 02
FINAL MEMORY : bfc0002b: ac
FINAL MEMORY : bfc0002c: 83
FINAL MEMORY : bfc0002d: 10
FINAL MEMORY : bfc0002e: 04
FINAL MEMORY : bfc00030: 10
FINAL MEMORY : bfc00032: 02
FINAL MEMORY : bfc00033: ac
FINAL MEMORY : bfc00034: 83
FINAL MEMORY : bfc00035: 12
FINAL MEMORY : bfc00036: 04
FINAL MEMORY : bfc00038: 14
FINAL MEMORY : bfc0003a: 02
FINAL MEMORY : bfc0003b: ac
FINAL MEMORY : bfc0003c: 03
FINAL MEMORY : bfc0003d: 10
FINAL MEMORY : bfc0003e: 05
FINAL MEMORY : bfc00040: 18
FINAL MEMORY : bfc00042: 02
FINAL MEMORY : bfc00043: ac
FINAL MEMORY : bfc00044: 83
FINAL MEMORY : bfc00045: 10
FINAL MEMORY : bfc00046: 05
FINAL MEMORY : bfc00048: 1c
FINAL MEMORY : bfc0004a: 02
FINAL MEMORY : bfc0004b: ac
FINAL MEMORY : bfc0004c: 83
FINAL MEMORY : bfc0004d: 12
FINAL MEMORY : bfc0004e: 05
FINAL MEMORY : bfc00050: 20
FINAL MEMORY : bfc00052: 02
FINAL MEMORY : bfc00053: ac
FINAL MEMORY : bfc00054: 08
----------
----------
FINAL MEMORY : 00000000: ff
FINAL MEMORY : 00000001: ff
FINAL MEMORY : 00000002: ff
FINAL MEMORY : 00000003: ff
FINAL MEMORY : 00000004: ff
FINAL MEMORY : 00000005: ff
FINAL MEMORY : 00000006: ff
FINAL MEMORY : 00000007: 3f
FINAL MEMORY : 00000008: ff
FINAL MEMORY : 00000009: ff
FINAL MEMORY : 0000000a: 3f
FINAL MEMORY : 0000000c: f0
FINAL MEMORY : 0000000d: ff
FINAL MEMORY : 0000000e: ff
FINAL MEMORY : 0000000f: ff
FINAL MEMORY : 00000010: fc
FINAL MEMORY : 00000011: ff
FINAL MEMORY : 00000012: ff
FINAL MEMORY : 00000013: 3f
FINAL MEMORY : 00000014: ff
FINAL MEMORY : 00000015: ff
FINAL MEMORY : 00000016: 3f
FINAL MEMORY : 00000018: 01
FINAL MEMORY : bfc00000: ff
FINAL MEMORY : bfc00001: ff
FINAL MEMORY : bfc00002: 03
FINAL MEMORY : bfc00003: 24
FINAL MEMORY : bfc00004: f0
FINAL MEMORY : bfc00005: ff
FINAL MEMORY : bfc00006: 04
FINAL MEMORY : bfc00007: 24
FINAL MEMORY : bfc00008: 01
FINAL MEMORY : bfc0000a: 05
FINAL MEMORY : bfc0000b: 24
FINAL MEMORY : bfc0000c: 03
FINAL MEMORY : bfc0000d: 10
FINAL MEMORY : bfc0000e: 03
FINAL MEMORY : bfc00012: 02
FINAL MEMORY : bfc00013: ac
FINAL MEMORY : bfc00014: 83
FINAL MEMORY : bfc00015: 10
FINAL MEMORY : bfc00016: 03
FINAL MEMORY : bfc00018: 04
FINAL MEMORY : bfc0001a: 02
FINAL MEMORY : bfc0001b: ac
FINAL MEMORY : bfc0001c: 83
FINAL MEMORY : bfc0001d: 12
FINAL MEMORY : bfc0001e: 03
FINAL MEMORY : bfc00020: 08
FINAL MEMORY : bfc00022: 02
FINAL MEMORY : bfc00023: ac
FINAL MEMORY : bfc00024: 03
FINAL MEMORY : bfc00025: 10
FINAL MEMORY : bfc00026: 04
FINAL MEMORY : bfc00028: 0c
FINAL MEMORY : bfc0002a: 02
FINAL MEMORY : bfc0002b: ac
FINAL MEMORY : bfc0002c: 83
FINAL MEMORY : bfc0002d: 10
FINAL MEMORY : bfc0002e: 04
FINAL MEMORY : bfc00030: 10
FINAL MEMORY : bfc00032: 02
FINAL MEMORY : bfc00033: ac
FINAL MEMORY : bfc00034: 83
FINAL MEMORY : bfc00035: 12
FINAL MEMORY : bfc00036: 04
FINAL MEMORY : bfc00038: 14
FINAL MEMORY : bfc0003a: 02
FINAL MEMORY : bfc0003b: ac
FINAL MEMORY : bfc0003c: 03
FINAL MEMORY : bfc0003d: 10
FINAL MEMORY : bfc0003e: 05
FINAL MEMORY : bfc00040: 18
FINAL MEMORY : bfc00042: 02
FINAL MEMORY : bfc00043: ac
FINAL MEMORY : bfc00044: 83
FINAL MEMORY : bfc00045: 10
FINAL MEMORY : bfc00046: 05
FINAL MEMORY : bfc00048: 1c
FINAL MEMORY : bfc0004a: 02
FINAL MEMORY : bfc0004b: ac
FINAL MEMORY : bfc0004c: 83
FINAL MEMORY : bfc0004d: 12
FINAL MEMORY : bfc0004e: 05
FINAL MEMORY : bfc00050: 20
FINAL MEMORY : bfc00052: 02
FINAL MEMORY : bfc00053: ac
FINAL MEMORY : bfc00054: 08
----------
v0: 00000000
active: 0
TB : finished; running=0
