00000004: 04
00000006: c0
00000007: bf
00000008: ff
00000009: ff
0000000a: ff
0000000b: ff
0000000c: 11
0000000d: 22
0000000e: 33
0000000f: 44
bfc00000: f0
bfc00001: ff
bfc00002: 03
bfc00003: 24
bfc00004: 02
bfc00006: 0a
bfc00007: 24
bfc00008: 01
bfc0000a: 0b
bfc0000b: 24
bfc0000c: 04
bfc0000e: 0c
bfc0000f: 24
bfc00010: 23
bfc00011: 58
bfc00012: 6a
bfc00013: 01
bfc00014: 07
bfc00015: 10
bfc00016: 03
bfc00018: 07
bfc00019: 10
bfc0001a: 43
bfc0001b: 01
bfc0001c: 07
bfc0001d: 10
bfc0001e: 83
bfc0001f: 01
bfc00020: 08
v0: 0000ffff
