00000004: 04
00000006: c0
00000007: bf
00000008: ff
00000009: ff
0000000a: ff
0000000b: ff
0000000c: 11
0000000d: 22
0000000e: 33
0000000f: 44
bfc00000: 0a
bfc00002: 03
bfc00003: 24
bfc00004: 02
bfc00006: 0a
bfc00007: 24
bfc00008: 01
bfc0000a: 0b
bfc0000b: 24
bfc0000c: 23
bfc0000d: 58
bfc0000e: 6a
bfc0000f: 01
bfc00010: 06
bfc00011: 10
bfc00012: 03
bfc00014: 06
bfc00015: 10
bfc00016: 43
bfc00017: 01
bfc00018: 06
bfc00019: 10
bfc0001a: 63
bfc0001b: 01
bfc0001c: 08
v0: 00000000
