00000004: 04
00000006: c0
00000007: bf
00000008: ff
00000009: ff
0000000a: ff
0000000b: ff
0000000c: 11
0000000d: 22
0000000e: 33
0000000f: 44
00000018: ee
00000019: dd
0000001a: cc
0000001b: bb
0000001c: 12
0000001d: 22
0000001e: 33
0000001f: 44
bfc00000: 08
bfc00002: 03
bfc00003: 8c
bfc00004: 0c
bfc00006: 04
bfc00007: 8c
bfc00008: 23
bfc00009: 10
bfc0000a: 64
bfc0000c: 18
bfc0000e: 02
bfc0000f: ac
bfc00010: 23
bfc00011: 10
bfc00012: 83
bfc00014: 1c
bfc00016: 02
bfc00017: ac
bfc00018: 23
bfc00019: 10
bfc0001a: 84
bfc0001c: 20
bfc0001e: 02
bfc0001f: ac
bfc00020: 07
bfc00021: 87
bfc00022: 05
bfc00023: 24
bfc00024: 23
bfc00025: 10
bfc00026: 85
bfc00028: 08
v0: 44339b0a
