00000003: ff
00000004: ff
00000005: ff
00000006: ff
00000007: ff
00000008: ff
00000009: ff
0000000a: ff
0000000b: ff
0000000c: 11
0000000d: 22
0000000e: 33
0000000f: 44
bfc00000: ff
bfc00001: ff
bfc00002: 42
bfc00003: 24
bfc00004: ff
bfc00005: ff
bfc00006: 42
bfc00007: 38
bfc00008: 01
bfc0000b: ac
bfc0000e: 42
bfc0000f: 38
bfc00010: 02
bfc00012: 02
bfc00013: ac
bfc00014: ff
bfc00015: ff
bfc00016: 42
bfc00017: 38
bfc00018: 03
bfc0001a: 02
bfc0001b: ac
bfc0001e: 42
bfc0001f: 38
bfc00020: 04
bfc00022: 02
bfc00023: ac
bfc00024: 08
v0: ffffffff
