00000000: FF
00000001: FF
00000002: FF
00000003: FF
00000004: FF
00000005: 0F
0000000A: FF
0000000B: FF
0000000C: 11
0000000D: 22
0000000E: 33
0000000F: 44
BFC00000: FF
BFC00001: FF
BFC00002: 03
BFC00003: 24
BFC00004: FF
BFC00005: FF
BFC00006: 04
BFC00007: 24
BFC00008: FF
BFC00009: 0F
BFC0000A: 05
BFC0000B: 24
BFC0000C: FF
BFC0000D: FF
BFC0000E: 06
BFC0000F: 3C
BFC00010: 24
BFC00011: 10
BFC00012: 83
BFC00016: 02
BFC00017: AC
BFC00018: 24
BFC00019: 10
BFC0001A: A3
BFC0001C: 04
BFC0001E: 02
BFC0001F: AC
BFC00020: 24
BFC00021: 10
BFC00022: C3
BFC00024: 08
BFC00026: 02
BFC00027: AC
BFC00028: 08
v0: FFFF0000
