00000004: 04
00000006: C0
00000007: BF
00000008: FF
00000009: FF
0000000A: FF
0000000B: FF
0000000C: 11
0000000D: 22
0000000E: 33
0000000F: 44
00000014: FF
00000019: 02
BFC00000: FF
BFC00002: 42
BFC00003: 24
BFC00004: 14
BFC00006: 02
BFC00007: AC
BFC00008: 14
BFC0000A: 03
BFC0000B: 8C
BFC0000C: 01
BFC0000D: 01
BFC0000E: 62
BFC0000F: 24
BFC00010: 18
BFC00012: 02
BFC00013: AC
BFC00014: 08
v0: 00000200
