00000004: 04
00000006: C0
00000007: BF
00000008: FF
00000009: FF
0000000A: FF
0000000B: FF
0000000C: 11
0000000D: 22
0000000E: 33
0000000F: 44
BFC00000: FC
BFC00001: FF
BFC00002: 03
BFC00003: 24
BFC00006: 04
BFC00007: 24
BFC00008: 0A
BFC0000A: 05
BFC0000B: 24
BFC0000C: 09
BFC0000E: 71
BFC0000F: 04
BFC00013: 24
BFC00014: 05
BFC00016: 02
BFC00017: 24
BFC00018: 02
BFC0001A: 91
BFC0001B: 04
BFC0001F: 24
BFC00020: 06
BFC00022: 02
BFC00023: 24
BFC00024: 21
BFC00025: 10
BFC00026: 5F
BFC00028: 03
BFC0002A: B1
BFC0002B: 04
BFC0002F: 24
BFC00030: 08
BFC00032: 02
BFC00033: 24
BFC00034: 04
BFC00036: 42
BFC00037: 24
BFC00038: 21
BFC00039: 10
BFC0003A: 5F
BFC0003C: 08
v0: 7F800055
