00000004: 04
00000006: C0
00000007: BF
00000008: FF
00000009: FF
0000000A: FF
0000000B: FF
0000000C: 11
0000000D: 22
0000000E: 33
0000000F: 44
BFC00000: FF
BFC00001: FF
BFC00002: 02
BFC00003: 24
BFC00004: 02
BFC00006: 40
BFC00007: 04
BFC0000B: 24
BFC0000C: 08
BFC00013: 24
BFC00014: 01
BFC00016: 02
BFC00017: 24
BFC00018: 01
BFC0001A: 42
BFC0001B: 24
BFC0001C: 02
BFC0001E: 40
BFC0001F: 04
BFC00023: 24
BFC00026: 02
BFC00027: 24
BFC00028: 02
BFC0002A: 40
BFC0002B: 04
BFC0002F: 24
BFC00030: 0A
BFC00032: 02
BFC00033: 24
BFC00034: 08
BFC0003B: 24
v0: FFFFFFFF
