00000004: 04
00000006: C0
00000007: BF
00000008: FF
00000009: FF
0000000A: FF
0000000B: FF
0000000C: 11
0000000D: 22
0000000E: 33
0000000F: 44
BFC00000: 08
BFC00002: 03
BFC00003: 24
BFC00004: 09
BFC00006: 04
BFC00007: 24
BFC00008: 08
BFC0000A: 05
BFC0000B: 24
BFC0000C: 03
BFC0000E: 64
BFC0000F: 14
BFC00013: 24
BFC00014: FF
BFC00015: FF
BFC00016: 02
BFC00017: 24
BFC00018: 08
BFC0001F: 24
BFC00020: 02
BFC00022: 65
BFC00023: 14
BFC00027: 24
BFC00028: 08
BFC0002F: 24
BFC00030: FF
BFC00031: FF
BFC00032: 02
BFC00033: 24
BFC00034: 08
BFC0003B: 24
v0: 00000000
