00000004: 04
00000006: C0
00000007: BF
00000008: FF
00000009: FF
0000000A: FF
0000000B: FF
0000000C: 11
0000000D: 22
0000000E: 33
0000000F: 44
00000014: 28
0000001C: 46
00000020: 04
BFC00000: E8
BFC00001: 03
BFC00002: 03
BFC00003: 24
BFC00004: 19
BFC00006: 04
BFC00007: 24
BFC00008: 1B
BFC0000A: 64
BFC0000C: 12
BFC0000D: 28
BFC00010: 10
BFC00011: 30
BFC00014: 14
BFC00016: 05
BFC00017: AC
BFC00018: 18
BFC0001A: 06
BFC0001B: AC
BFC0001C: 94
BFC0001D: 06
BFC0001E: 03
BFC0001F: 24
BFC00020: 18
BFC00022: 04
BFC00023: 24
BFC00024: 1B
BFC00026: 64
BFC00028: 12
BFC00029: 28
BFC0002C: 10
BFC0002D: 30
BFC00030: 1C
BFC00032: 05
BFC00033: AC
BFC00034: 20
BFC00036: 06
BFC00037: AC
BFC0003A: 03
BFC0003B: 24
BFC0003C: 19
BFC0003E: 04
BFC0003F: 24
BFC00040: 1B
BFC00042: 64
BFC00044: 12
BFC00045: 28
BFC00048: 10
BFC00049: 30
BFC0004C: 24
BFC0004E: 05
BFC0004F: AC
BFC00050: 28
BFC00052: 06
BFC00053: AC
BFC00054: 48
BFC00056: 03
BFC00057: 24
BFC0005A: 04
BFC0005B: 24
BFC0005C: 1B
BFC0005E: 64
BFC00060: 12
BFC00061: 28
BFC00064: 10
BFC00065: 30
BFC00068: 2C
BFC0006A: 05
BFC0006B: AC
BFC0006C: 30
BFC0006E: 06
BFC0006F: AC
BFC00070: 08
v0: 00000000
