00000004: 04
00000006: C0
00000007: BF
00000008: FF
00000009: FF
0000000A: FF
0000000B: FF
0000000C: 11
0000000D: 22
0000000E: 33
0000000F: 44
BFC00000: 03
BFC00002: F0
BFC00003: 0F
BFC00004: 03
BFC00006: 42
BFC00007: 24
BFC00008: 04
BFC0000A: 42
BFC0000B: 24
BFC0000C: 21
BFC0000D: 10
BFC0000E: 5F
BFC00010: 08
v0: BFC00007
