00000004: 04
00000006: C0
00000007: BF
00000008: FF
00000009: FF
0000000A: FF
0000000B: FF
0000000C: 11
0000000D: 22
0000000E: 33
0000000F: 44
BFC00000: 04
BFC00002: 02
BFC00003: 8C
BFC00004: 18
BFC00006: 42
BFC00007: 24
BFC00008: 08
BFC0000A: 40
BFC0000F: 24
BFC00010: 08
BFC00014: 01
BFC00016: 02
BFC00017: 24
BFC0001A: 1F
BFC0001B: AC
BFC0001C: 08
v0: BFC0001C
