00000004: 04
00000006: C0
00000007: BF
00000008: FF
00000009: FF
0000000A: FF
0000000B: FF
0000000C: 11
0000000D: 22
0000000E: 33
0000000F: 44
BFC00000: 04
BFC00002: 03
BFC00003: 24
BFC00006: 62
BFC00007: 80
BFC00008: 01
BFC0000A: 62
BFC0000B: 80
BFC0000C: 02
BFC0000E: 62
BFC0000F: 80
BFC00010: 03
BFC00012: 62
BFC00013: 80
BFC00014: 04
BFC00016: 62
BFC00017: 80
BFC00018: 05
BFC0001A: 62
BFC0001B: 80
BFC0001C: 06
BFC0001E: 62
BFC0001F: 80
BFC00020: 07
BFC00022: 62
BFC00023: 80
BFC00024: 08
BFC00026: 62
BFC00027: 80
BFC00028: 09
BFC0002A: 62
BFC0002B: 80
BFC0002C: 0A
BFC0002E: 62
BFC0002F: 80
BFC00030: 0B
BFC00032: 62
BFC00033: 80
BFC00034: 04
BFC00036: 10
BFC00037: 24
BFC00038: 05
BFC0003A: 11
BFC0003B: 24
BFC0003C: 06
BFC0003E: 12
BFC0003F: 24
BFC00040: 07
BFC00042: 13
BFC00043: 24
BFC00044: 08
BFC00046: 14
BFC00047: 24
BFC00048: 09
BFC0004A: 15
BFC0004B: 24
BFC0004C: 0A
BFC0004E: 16
BFC0004F: 24
BFC00050: 0B
BFC00052: 17
BFC00053: 24
BFC00054: 0C
BFC00056: 18
BFC00057: 24
BFC00058: 0D
BFC0005A: 19
BFC0005B: 24
BFC0005C: 0E
BFC0005E: 1A
BFC0005F: 24
BFC00060: 0F
BFC00062: 1B
BFC00063: 24
BFC00066: 02
BFC00067: 82
BFC0006A: 22
BFC0006B: 82
BFC0006E: 42
BFC0006F: 82
BFC00072: 62
BFC00073: 82
BFC00076: 82
BFC00077: 82
BFC0007A: A2
BFC0007B: 82
BFC0007E: C2
BFC0007F: 82
BFC00082: E2
BFC00083: 82
BFC00086: 02
BFC00087: 83
BFC0008A: 22
BFC0008B: 83
BFC0008E: 42
BFC0008F: 83
BFC00092: 62
BFC00093: 83
BFC00094: 08
v0: 00000044
