00000000: FF
00000004: FF
00000008: FF
BFC00000: 08
BFC00002: 02
BFC00003: 80
BFC00006: 82
BFC00007: AC
BFC00008: 09
BFC0000A: 02
BFC0000B: 80
BFC0000C: 04
BFC0000E: 82
BFC0000F: AC
BFC00010: 0A
BFC00012: 02
BFC00013: 80
BFC00014: 08
BFC00016: 82
BFC00017: AC
BFC00018: 0B
BFC0001A: 02
BFC0001B: 80
BFC0001C: 0C
BFC0001E: 82
BFC0001F: AC
BFC00020: 08
v0: 00000000
