00000004: 01
0000000A: FF
0000000B: FF
0000000C: 11
0000000D: 22
0000000E: 33
0000000F: 44
BFC00000: 01
BFC00002: 02
BFC00003: 24
BFC00004: 04
BFC00006: 04
BFC00007: 24
BFC0000A: 82
BFC0000B: AC
BFC0000E: 85
BFC0000F: 84
BFC00010: 01
BFC00012: 02
BFC00013: 24
BFC00016: 82
BFC00017: AC
BFC00018: 02
BFC0001A: 86
BFC0001B: 84
BFC0001C: 01
BFC0001E: 02
BFC0001F: 24
BFC00020: 02
BFC00022: 82
BFC00023: AC
BFC00024: 02
BFC00026: 87
BFC00027: 84
BFC00028: 01
BFC0002A: 02
BFC0002B: 24
BFC0002E: 82
BFC0002F: AC
BFC00030: 0C
BFC00032: 08
BFC00033: 84
BFC00034: 21
BFC00035: 28
BFC00036: C5
BFC00038: 21
BFC00039: 38
BFC0003A: 07
BFC0003B: 01
BFC0003C: 21
BFC0003D: 10
BFC0003E: A7
BFC00040: 08
v0: 00002213
