00000004: 04
00000006: C0
00000007: BF
00000008: FF
00000009: FF
0000000A: FF
0000000B: FF
0000000C: 11
0000000D: 22
0000000E: 33
0000000F: 44
00000014: 87
00000015: 01
00000018: 79
00000019: FE
0000001A: FF
0000001B: FF
BFC00000: 87
BFC00001: 01
BFC00002: 03
BFC00003: 24
BFC00004: 11
BFC00006: 60
BFC00008: 10
BFC00009: 10
BFC0000C: 14
BFC0000E: 02
BFC0000F: AC
BFC00010: 79
BFC00011: FE
BFC00012: 04
BFC00013: 24
BFC00014: 11
BFC00016: 80
BFC00018: 10
BFC00019: 08
BFC0001C: 18
BFC0001E: 01
BFC0001F: AC
BFC00020: 08
v0: 00000187
