00000004: 04
00000006: C0
00000007: BF
00000008: FF
00000009: FF
0000000A: FF
0000000B: FF
0000000C: 11
0000000D: 22
0000000E: 33
0000000F: 44
0000001B: 11
0000001E: A8
BFC00000: 0C
BFC00002: 02
BFC00003: 8C
BFC00004: 1B
BFC00006: 02
BFC00007: A0
BFC00008: A8
BFC00009: 15
BFC0000A: 04
BFC0000B: 24
BFC0000C: 1E
BFC0000E: 04
BFC0000F: A0
BFC00010: 20
BFC00013: A0
BFC00014: 08
v0: 44332211
