00000000: 01
0000000C: 01
BFC00000: 0A
BFC00002: 03
BFC00003: 24
BFC00004: 0B
BFC00006: 62
BFC00007: 28
BFC0000A: 02
BFC0000B: AC
BFC0000C: 08
BFC0000E: 62
BFC0000F: 28
BFC00010: 04
BFC00012: 02
BFC00013: AC
BFC00014: F9
BFC00015: FF
BFC00016: 62
BFC00017: 28
BFC00018: 08
BFC0001A: 02
BFC0001B: AC
BFC0001C: 08
BFC0001E: 62
BFC0001F: 28
BFC00020: 0C
BFC00022: 02
BFC00023: AC
BFC00024: 0C
BFC00026: 62
BFC00027: 28
BFC00028: 0C
BFC0002A: 02
BFC0002B: AC
BFC0002C: 0A
BFC0002E: 62
BFC0002F: 28
BFC00030: 08
v0: 00000000
