00000000: FF
00000001: FF
00000002: FF
00000003: FF
00000004: FF
00000005: FF
00000006: FF
00000007: FF
00000008: FF
00000009: FF
0000000A: FF
0000000B: FF
0000000C: F0
0000000D: FF
0000000E: FF
0000000F: FF
00000010: FC
00000011: FF
00000012: FF
00000013: FF
00000014: FF
00000015: FF
00000016: FF
00000017: FF
00000018: 01
BFC00000: FF
BFC00001: FF
BFC00002: 03
BFC00003: 24
BFC00004: F0
BFC00005: FF
BFC00006: 04
BFC00007: 24
BFC00008: 01
BFC0000A: 05
BFC0000B: 24
BFC0000C: 03
BFC0000D: 10
BFC0000E: 03
BFC00012: 02
BFC00013: AC
BFC00014: 83
BFC00015: 10
BFC00016: 03
BFC00018: 04
BFC0001A: 02
BFC0001B: AC
BFC0001C: 83
BFC0001D: 12
BFC0001E: 03
BFC00020: 08
BFC00022: 02
BFC00023: AC
BFC00024: 03
BFC00025: 10
BFC00026: 04
BFC00028: 0C
BFC0002A: 02
BFC0002B: AC
BFC0002C: 83
BFC0002D: 10
BFC0002E: 04
BFC00030: 10
BFC00032: 02
BFC00033: AC
BFC00034: 83
BFC00035: 12
BFC00036: 04
BFC00038: 14
BFC0003A: 02
BFC0003B: AC
BFC0003C: 03
BFC0003D: 10
BFC0003E: 05
BFC00040: 18
BFC00042: 02
BFC00043: AC
BFC00044: 83
BFC00045: 10
BFC00046: 05
BFC00048: 1C
BFC0004A: 02
BFC0004B: AC
BFC0004C: 83
BFC0004D: 12
BFC0004E: 05
BFC00050: 20
BFC00052: 02
BFC00053: AC
BFC00054: 08
v0: 00000000
