00000004: 04
00000006: C0
00000007: BF
00000008: FF
00000009: FF
0000000A: FF
0000000B: FF
0000000C: 11
0000000D: 22
0000000E: 33
0000000F: 44
BFC00000: 0A
BFC00002: 03
BFC00003: 24
BFC00004: 02
BFC00006: 0A
BFC00007: 24
BFC00008: 01
BFC0000A: 0B
BFC0000B: 24
BFC0000C: 23
BFC0000D: 58
BFC0000E: 6A
BFC0000F: 01
BFC00010: 06
BFC00011: 10
BFC00012: 03
BFC00014: 06
BFC00015: 10
BFC00016: 43
BFC00017: 01
BFC00018: 06
BFC00019: 10
BFC0001A: 63
BFC0001B: 01
BFC0001C: 08
v0: 00000000
